/home/thewheelneedsme/Projects/droids/simulation/mjlab/src/mjlab/scene/scene.py:66: UserWarning: Entity 'robot' has non-default <option> fields (cone, integrator, timestep) that will not be propagated by MjSpec.attach(). Use MujocoCfg instead.
  self._add_entities()
Warp 1.12.0 initialized:
   CUDA Toolkit 12.9, Driver 13.2
   Devices:
     "cpu"      : "x86_64"
     "cuda:0"   : "NVIDIA GeForce RTX 5060 Ti" (15 GiB, sm_120, mempool enabled)
   Kernel cache:
     /home/thewheelneedsme/.cache/warp/1.12.0
Module mujoco_warp._src.smooth 95a0b8b load on device 'cuda:0' took 6.05 ms  (cached)
Module mujoco_warp._src.collision_driver 88f7770 load on device 'cuda:0' took 1.07 ms  (cached)
Module _nxn_broadphase__locals__kernel_e73b1315 e73b131 load on device 'cuda:0' took 1.25 ms  (cached)
Module ccd_kernel_builder__locals__ccd_kernel_c9a289e6 c9a289e load on device 'cuda:0' took 3.29 ms  (cached)
Module _primitive_narrowphase__locals__primitive_narrowphase_6dc23c34 6dc23c3 load on device 'cuda:0' took 1.80 ms  (cached)
Module mujoco_warp._src.constraint 27c5750 load on device 'cuda:0' took 3.30 ms  (cached)
Module _efc_contact_init__locals__kernel_fda71e14 fda71e1 load on device 'cuda:0' took 1.29 ms  (cached)
Module _efc_contact_jac_dense__locals__kernel_7974b597 cc0fc30 load on device 'cuda:0' took 1.02 ms  (cached)
Module _efc_contact_update__locals__kernel_90315d53 90315d5 load on device 'cuda:0' took 0.93 ms  (cached)
Module mujoco_warp._src.forward f60f76d load on device 'cuda:0' took 2.71 ms  (cached)
Module mujoco_warp._src.passive 1a5e55c load on device 'cuda:0' took 1.76 ms  (cached)
Module mujoco_warp._src.sensor 7fc0378 load on device 'cuda:0' took 4.03 ms  (cached)
Module mujoco_warp._src.forward 8ebfcb1 load on device 'cuda:0' took 2.47 ms  (cached)
Module mujoco_warp._src.support dd3f924 load on device 'cuda:0' took 0.86 ms  (cached)
Module _tile_cholesky_factorize_solve__locals__cholesky_factorize_solve_c9b9a365 2409f46 load on device 'cuda:0' took 25.30 ms  (cached)
Module mujoco_warp._src.solver b116efb load on device 'cuda:0' took 3.94 ms  (cached)
Module solve_init_jaref__locals__kernel_c6e71af8 c6e71af load on device 'cuda:0' took 0.83 ms  (cached)
Module mul_m_dense__locals___mul_m_dense_08c41533 08c4153 load on device 'cuda:0' took 0.72 ms  (cached)
Module update_constraint_efc__locals__kernel_32935e9d 32935e9 load on device 'cuda:0' took 0.86 ms  (cached)
Module update_constraint_gauss_cost__locals__kernel_740c8304 740c830 load on device 'cuda:0' took 0.84 ms  (cached)
Module update_gradient_JTDAJ_dense_tiled__locals__kernel_149c4bb6 ad39ef1 load on device 'cuda:0' took 1.11 ms  (cached)
Module update_gradient_cholesky__locals__kernel_57e46a75 17b7e4d load on device 'cuda:0' took 26.47 ms  (cached)
Module linesearch_jv_fused__locals__kernel_61310363 6131036 load on device 'cuda:0' took 0.98 ms  (cached)
Module linesearch_prepare_gauss__locals__kernel_9598a6f5 9598a6f load on device 'cuda:0' took 0.79 ms  (cached)
Module update_constraint_efc__locals__kernel_3c1a9816 3c1a981 load on device 'cuda:0' took 1.10 ms  (cached)
Module _contact_sort__locals__contact_sort_304c86df 6c97b35 load on device 'cuda:0' took 0.83 ms  (cached)
Module mujoco_warp._src.derivative d0e2fd7 load on device 'cuda:0' took 1.79 ms  (cached)
Module reset_data__locals__reset_xfrc_applied_e7898c5c e7898c5 load on device 'cuda:0' took 0.79 ms  (cached)
Module reset_data__locals__reset_qM_10d3c793 10d3c79 load on device 'cuda:0' took 0.80 ms  (cached)
Module reset_data__locals__reset_mocap_ff71f630 ff71f63 load on device 'cuda:0' took 1.05 ms  (cached)
Module reset_data__locals__reset_contact_df686d47 df686d4 load on device 'cuda:0' took 0.78 ms  (cached)
Module reset_data__locals__reset_nworld_6e0d904e 6e0d904 load on device 'cuda:0' took 1.09 ms  (cached)

+---------------------------------+
|         Base Environment        |
+------------------------+--------+
| Property               | Value  |
+------------------------+--------+
| Number of environments | 32     |
| Environment device     | cuda:0 |
| Environment seed       | None   |
| Physics step-size      | 0.005  |
| Environment step-size  | 0.02   |
+------------------------+--------+

[INFO] <EventManager> contains 1 active terms.
+---------------------------------------+
| Active Event Terms in Mode: 'startup' |
+-----------+---------------------------+
|   Index   | Name                      |
+-----------+---------------------------+
|     0     | encoder_bias              |
|     1     | foot_friction             |
+-----------+---------------------------+
+-----------------------------+
| Domain Randomization Fields |
+--------+--------------------+
| Index  | Field Name         |
+--------+--------------------+
|   0    | geom_friction      |
+--------+--------------------+

Module repeat_array_kernel_39317a34 b712927 load on device 'cuda:0' took 1.15 ms  (cached)
[INFO] <CommandManager> contains 1 active terms.
+--------------------------------+
|      Active Command Terms      |
+-------+--------+---------------+
| Index | Name   |      Type     |
+-------+--------+---------------+
|   0   | motion | MotionCommand |
+-------+--------+---------------+

[INFO] <ActionManager> contains 1 active terms.
+---------------------------------+
| Active Action Terms (shape: 10) |
+-------+-----------+-------------+
| Index | Name      |   Dimension |
+-------+-----------+-------------+
|   0   | joint_pos |          10 |
+-------+-----------+-------------+

[INFO] <ObservationManager> contains 2 groups.
+-----------------------------------------------------------+
| Active Observation Terms in Group: 'actor' (shape: (56,)) |
+-------------+-----------------------------+---------------+
|    Index    | Name                        |     Shape     |
+-------------+-----------------------------+---------------+
|      0      | command                     |     (20,)     |
|      1      | base_ang_vel                |      (3,)     |
|      2      | joint_pos                   |     (10,)     |
|      3      | joint_vel                   |     (10,)     |
|      4      | actions                     |     (10,)     |
|      5      | gravity                     |      (3,)     |
+-------------+-----------------------------+---------------+
+-------------------------------------------------------------+
| Active Observation Terms in Group: 'critic' (shape: (173,)) |
+-----------+------------------------------------+------------+
|   Index   | Name                               |   Shape    |
+-----------+------------------------------------+------------+
|     0     | command                            |   (20,)    |
|     1     | motion_anchor_pos_b                |    (3,)    |
|     2     | motion_anchor_ori_b                |    (6,)    |
|     3     | body_pos                           |   (36,)    |
|     4     | body_ori                           |   (72,)    |
|     5     | base_lin_vel                       |    (3,)    |
|     6     | base_ang_vel                       |    (3,)    |
|     7     | joint_pos                          |   (10,)    |
|     8     | joint_vel                          |   (10,)    |
|     9     | actions                            |   (10,)    |
+-----------+------------------------------------+------------+

[INFO] <TerminationManager> contains 4 active terms.
+--------------------------------+
|    Active Termination Terms    |
+-------+-------------+----------+
| Index | Name        | Time Out |
+-------+-------------+----------+
|   0   | time_out    |   True   |
|   1   | anchor_pos  |  False   |
|   2   | anchor_ori  |  False   |
|   3   | ee_body_pos |  False   |
+-------+-------------+----------+

[INFO] <RewardManager> contains 9 active terms.
+-----------------------------------------+
|           Active Reward Terms           |
+-------+------------------------+--------+
| Index | Name                   | Weight |
+-------+------------------------+--------+
|   0   | motion_global_root_pos |    0.5 |
|   1   | motion_global_root_ori |    0.5 |
|   2   | motion_body_pos        |    1.0 |
|   3   | motion_body_ori        |    1.0 |
|   4   | motion_body_lin_vel    |    1.0 |
|   5   | motion_body_ang_vel    |    1.0 |
|   6   | action_rate_l2         |   -0.1 |
|   7   | joint_limit            |  -10.0 |
|   8   | self_collisions        |  -10.0 |
+-------+------------------------+--------+

[INFO] <NullCurriculumManager> (inactive)
[INFO] <NullMetricsManager> (inactive)
[INFO] <NullRecorderManager> (inactive)
--------------------------------------------------------------------------------
Resolved observation sets: 
	 actor :  ('actor',)
	 critic :  ('critic',)
--------------------------------------------------------------------------------
Actor Model: MLPModel(
  (obs_normalizer): EmpiricalNormalization()
  (distribution): GaussianDistribution()
  (mlp): MLP(
    (0): Linear(in_features=56, out_features=128, bias=True)
    (1): ELU(alpha=1.0)
    (2): Linear(in_features=128, out_features=64, bias=True)
    (3): ELU(alpha=1.0)
    (4): Linear(in_features=64, out_features=10, bias=True)
  )
)
Critic Model: MLPModel(
  (obs_normalizer): EmpiricalNormalization()
  (mlp): MLP(
    (0): Linear(in_features=173, out_features=128, bias=True)
    (1): ELU(alpha=1.0)
    (2): Linear(in_features=128, out_features=64, bias=True)
    (3): ELU(alpha=1.0)
    (4): Linear(in_features=64, out_features=1, bias=True)
  )
)
Storing git diff for 'simulation' in: /home/thewheelneedsme/Projects/droids/simulation/logs/legs_tracking/20260914_155709/git/simulation.diff
################################################################################
[1m                             Learning iteration 0/2                             [0m 

                            Total steps: 768 
                       Steps per second: 634 
                        Collection time: 0.852s 
                          Learning time: 0.358s 
                        Mean value loss: 0.0787
                    Mean surrogate loss: 0.0989
                      Mean entropy loss: -1.9142
                            Mean reward: 0.38
                    Mean episode length: 24.00
                        Mean action std: 0.20
--------------------------------------------------------------------------------
                         Iteration time: 1.21s
                           Time elapsed: 00:00:01
                                    ETA: 00:00:01

################################################################################
[1m                             Learning iteration 1/2                             [0m 

                            Total steps: 1536 
                       Steps per second: 1688 
                        Collection time: 0.422s 
                          Learning time: 0.032s 
                        Mean value loss: 0.0350
                    Mean surrogate loss: 0.0022
                      Mean entropy loss: -1.9157
                            Mean reward: 0.93
                    Mean episode length: 39.89
                        Mean action std: 0.20
--------------------------------------------------------------------------------
                         Iteration time: 0.45s
                           Time elapsed: 00:00:01
                                    ETA: 00:00:00

Training finished: /home/thewheelneedsme/Projects/droids/simulation/logs/legs_tracking/20260914_155709
